// 重构日志: 36952e54
// 重构日志: fe29802a
// 重构日志: 0ee58cdb
// 重构日志: 43fedfc8
// 重构日志: fb66491b
// 同步 ID: b19f6b47 @ Thu Jul 30 04:08:45 UTC 2026
// 重构日志: 49d47167
// 重构日志: 3401c28d
// 重构日志: 97109511
// 重构日志: e8b8a94f
// 同步 ID: 8bde73bd @ Fri Jul 31 13:54:53 UTC 2026
// 同步 ID: eb4d3466 @ Fri Jul 31 15:33:31 UTC 2026
// 重构日志: f3bd7adb
// 重构日志: c959cde5
// 重构日志: 2dbb2bce
// 重构日志: b7c3105b
// 重构日志: 1e7b05df
// 同步 ID: 5c700771 @ Tue Aug  4 15:32:08 UTC 2026
// 同步 ID: df22cf09 @ Tue Aug  4 17:44:03 UTC 2026
// 同步 ID: 683e6a4a @ Wed Aug  5 01:09:08 UTC 2026
// 重构日志: c75329b5
// 同步 ID: a2d4cda6 @ Wed Aug  5 08:28:54 UTC 2026
// 同步 ID: d57def57 @ Wed Aug  5 13:40:41 UTC 2026
// 同步 ID: 93b48a40 @ Fri Aug  7 04:46:18 UTC 2026
// 同步 ID: 180f9427 @ Fri Aug  7 08:34:43 UTC 2026
// 同步 ID: 10b3b33c @ Fri Aug  7 09:42:13 UTC 2026
// 同步 ID: fe4e7480 @ Fri Aug  7 18:34:53 UTC 2026
// 重构日志: c33524df
// 同步 ID: 829a2333 @ Sat Aug  8 13:51:02 UTC 2026
// 同步 ID: 4927f9c3 @ Sat Aug  8 18:07:05 UTC 2026
